python : WARNING:ai_integration.handlers:[ADD_TASK] REMINDER_SERVICE not initialized, cannot s
chedule reminder for task 68
строка:1 знак:1
+ python test_simple_edit.py > test_log.txt 2>&1
+ ~~~~~~~~~~~~~~~~~~~~~~~~~~~~~~~~~~~~~~~~~~~~~~
    + CategoryInfo          : NotSpecified: (WARNING:ai_inte...der for task 68:String) [], Re 
   moteException
    + FullyQualifiedErrorId : NativeCommandError
 

╨Ю╤В╨▓╨╡╤В: ╨Я╨╛╨╜╤П╨╗, ╨╜╤Г╨╢╨╜╨╛ ╤Г╤В╨╛╤З╨╜╨╕╤В╤М ╨▓╤А╨╡╨╝╤П ╨┤╨╗╤П ╨┐╨╡╤А╨╡╨╜╨╛╤Б╨░ ╨╖╨░╨┤╨░╤З╨╕ ╤Б ╨╝╨╛╨╗╨╛╨║╨╛╨╝. 

╨Т╨╛ ╤Б╨║╨╛╨╗╤М╨║╨╛ ╨╕╨╝╨╡╨╜╨╜╨╛ ╨╖╨░╨▓╤В╤А╨░ ╨┐╨╗╨░╨╜╨╕╤А╤Г╨╡╤И╤М ╨║╤Г╨┐╨╕╤В╤М ╨╝╨╛╨╗╨╛╨║╨╛? ╨Ь╨╛╨│╤Г ╨┐╨╛╤Б╤В╨░╨▓╨╕╤В╤М ╨╜╨░╨┐╨╛╨╝╨╕╨╜╨░╨╜╨╕╨╡ ╨╜╨░ ╨║╨╛╨╜╨║╤А╨╡╤В╨╜╨╛╨╡ ╨▓╤А╨╡╨╝╤П тАФ ╨╜╨░╨┐╤А╨╕╨╝╨╡╤А, "╨╖╨░╨▓╤В╤А╨░ ╨▓ 15:00" ╨╕╨╗╨╕ "╤З╨╡╤А╨╡╨╖ 2
╨Т╤А╨╡╨╝╤П ╨╖╨░╨┤╨░╤З╨╕: 2026-01-28 00:08:00+03:00
тЭМ ╨Ю╨и╨Ш╨С╨Ъ╨Р: ╨Ю╨╢╨╕╨┤╨░╨╗╨╛╤Б╤М 15:00, ╨┐╨╛╨╗╤Г╤З╨╡╨╜╨╛ 0:00
